ets Jul 29 2019 12:21:46

rst:0x1 (POWERON_RESET),boot:0x13 (SPI_FAST_FLASH_BOOT)
configsip: 0, SPIWP:0xee
clk_drv:0x00,q_drv:0x00,d_drv:0x00,cs0_drv:0x00,hd_drv:0x00,wp_drv:0x00
mode:DIO, clock div:2
load:0x3fff0030,len:7172
load:0x40078000,len:15620
load:0x40080400,len:4
ho 8 tail 4 room 4
load:0x40080404,len:3904
entry 0x40080640
[0;32mI (31) boot: ESP-IDF v5.2.4 2nd stage bootloader[0m
[0;32mI (31) boot: compile time Feb 26 2025 22:07:15[0m
[0;32mI (31) boot: Multicore bootloader[0m
[0;32mI (35) boot: chip revision: v3.1[0m
[0;32mI (39) boot.esp32: SPI Speed      : 40MHz[0m
[0;32mI (44) boot.esp32: SPI Mode       : DIO[0m
[0;32mI (48) boot.esp32: SPI Flash Size : 2MB[0m
[0;32mI (53) boot: Enabling RNG early entropy source...[0m
[0;32mI (58) boot: Partition Table:[0m
[0;32mI (62) boot: ## Label            Usage          Type ST Offset   Length[0m
[0;32mI (69) boot:  0 nvs              WiFi data        01 02 00009000 00006000[0m
[0;32mI (77) boot:  1 phy_init         RF data          01 01 0000f000 00001000[0m
[0;32mI (84) boot:  2 factory          factory app      00 00 00010000 00100000[0m
[0;32mI (92) boot: End of partition table[0m
[0;32mI (96) esp_image: segment 0: paddr=00010020 vaddr=3f400020 size=185f4h ( 99828) map[0m
[0;32mI (138) esp_image: segment 1: paddr=0002861c vaddr=3ffb0000 size=03cf0h ( 15600) load[0m
[0;32mI (144) esp_image: segment 2: paddr=0002c314 vaddr=40080000 size=03d04h ( 15620) load[0m
[0;32mI (151) esp_image: segment 3: paddr=00030020 vaddr=400d0020 size=81f18h (532248) map[0m
[0;32mI (335) esp_image: segment 4: paddr=000b1f40 vaddr=40083d04 size=1314ch ( 78156) load[0m
[0;32mI (377) boot: Loaded app from partition at offset 0x10000[0m
[0;32mI (377) boot: Disabling RNG early entropy source...[0m
[0;32mI (389) cpu_start: Multicore app[0m
[0;32mI (398) cpu_start: Pro cpu start user code[0m
[0;32mI (398) cpu_start: cpu freq: 160000000 Hz[0m
[0;32mI (398) cpu_start: Application information:[0m
[0;32mI (401) cpu_start: Project name:     qwen[0m
[0;32mI (406) cpu_start: App version:      1[0m
[0;32mI (410) cpu_start: Compile time:     Feb 26 2025 22:07:35[0m
[0;32mI (416) cpu_start: ELF file SHA256:  a92baa5fc...[0m
[0;32mI (422) cpu_start: ESP-IDF:          v5.2.4[0m
[0;32mI (427) cpu_start: Min chip rev:     v0.0[0m
[0;32mI (431) cpu_start: Max chip rev:     v3.99 [0m
[0;32mI (436) cpu_start: Chip rev:         v3.1[0m
[0;32mI (441) heap_init: Initializing. RAM available for dynamic allocation:[0m
[0;32mI (448) heap_init: At 3FFAE6E0 len 00001920 (6 KiB): DRAM[0m
[0;32mI (454) heap_init: At 3FFB7E30 len 000281D0 (160 KiB): DRAM[0m
[0;32mI (460) heap_init: At 3FFE0440 len 00003AE0 (14 KiB): D/IRAM[0m
[0;32mI (467) heap_init: At 3FFE4350 len 0001BCB0 (111 KiB): D/IRAM[0m
[0;32mI (473) heap_init: At 40096E50 len 000091B0 (36 KiB): IRAM[0m
[0;32mI (481) spi_flash: detected chip: generic[0m
[0;32mI (484) spi_flash: flash io: dio[0m
[0;33mW (488) spi_flash: Detected size(4096k) larger than the size in the binary image header(2048k). Using the size in the binary image header.[0m
[0;32mI (502) main_task: Started on CPU0[0m
[0;32mI (512) main_task: Calling app_main()[0m
[0;32mI (512) ali: Wi-Fi initialization started[0m
[0;32mI (542) wifi:wifi driver task: 3ffbfe50, prio:23, stack:6656, core=0[0m
[0;32mI (552) wifi:wifi firmware version: 01d22db[0m
[0;32mI (552) wifi:wifi certification version: v7.0[0m
[0;32mI (552) wifi:config NVS flash: enabled[0m
[0;32mI (552) wifi:config nano formating: disabled[0m
[0;32mI (552) wifi:Init data frame dynamic rx buffer num: 32[0m
[0;32mI (562) wifi:Init static rx mgmt buffer num: 5[0m
[0;32mI (562) wifi:Init management short buffer num: 32[0m
[0;32mI (572) wifi:Init dynamic tx buffer num: 32[0m
[0;32mI (572) wifi:Init static rx buffer size: 1600[0m
[0;32mI (582) wifi:Init static rx buffer num: 10[0m
[0;32mI (582) wifi:Init dynamic rx buffer num: 32[0m
[0;32mI (582) wifi_init: rx ba win: 6[0m
[0;32mI (592) wifi_init: tcpip mbox: 32[0m
[0;32mI (592) wifi_init: udp mbox: 6[0m
[0;32mI (592) wifi_init: tcp mbox: 6[0m
[0;32mI (602) wifi_init: tcp tx win: 5760[0m
[0;32mI (602) wifi_init: tcp rx win: 5760[0m
[0;32mI (612) wifi_init: tcp mss: 1440[0m
[0;32mI (612) wifi_init: WiFi IRAM OP enabled[0m
[0;32mI (612) wifi_init: WiFi RX IRAM OP enabled[0m
[0;32mI (622) phy_init: phy_version 4840,02e0d70,Sep  2 2024,19:39:07[0m
[0;32mI (702) phy_init: Saving new calibration data due to checksum failure or outdated calibration data, mode(0)[0m
[0;32mI (732) wifi:mode : sta (30:c9:22:27:e1:30)[0m
[0;32mI (732) wifi:enable tsf[0m
[0;32mI (732) main_task: Returned from app_main()[0m
[0;32mI (742) ali: Wi-Fi STA started[0m
[0;32mI (3152) ali: WiFi Disconnected from AP[0m
[0;32mI (5572) ali: WiFi Disconnected from AP[0m
[0;32mI (7982) ali: WiFi Disconnected from AP[0m
[0;32mI (10392) ali: WiFi Disconnected from AP[0m
[0;32mI (12812) ali: WiFi Disconnected from AP[0m
[0;32mI (15222) ali: WiFi Disconnected from AP[0m
[0;32mI (17642) ali: WiFi Disconnected from AP[0m
[0;32mI (20052) ali: WiFi Disconnected from AP[0m
[0;32mI (22472) ali: WiFi Disconnected from AP[0m
[0;32mI (22632) wifi:new:<1,0>, old:<1,0>, ap:<255,255>, sta:<1,0>, prof:1[0m
[0;32mI (22632) wifi:state: init -> auth (b0)[0m
[0;32mI (22642) wifi:state: auth -> assoc (0)[0m
[0;32mI (22682) wifi:state: assoc -> run (10)[0m
[0;32mI (22732) wifi:connected with Dawn, aid = 1, channel 1, BW20, bssid = 0e:3f:ae:cb:1d:71[0m
[0;32mI (22732) wifi:security: WPA2-PSK, phy: bgn, rssi: -7[0m
[0;32mI (22752) wifi:pm start, type: 1[0m

[0;32mI (22752) wifi:dp: 1, bi: 102400, li: 3, scale listen interval from 307200 us to 307200 us[0m
[0;32mI (22752) ali: WiFi Connected to AP[0m
[0;32mI (22822) wifi:<ba-add>idx:0 (ifx:0, 0e:3f:ae:cb:1d:71), tid:0, ssn:1, winSize:64[0m
[0;32mI (22852) wifi:dp: 2, bi: 102400, li: 4, scale listen interval from 307200 us to 409600 us[0m
[0;32mI (22862) wifi:AP's beacon interval = 102400 us, DTIM period = 2[0m
[0;32mI (23752) esp_netif_handlers: sta ip: 192.168.48.83, mask: 255.255.255.0, gw: 192.168.48.211[0m
[0;32mI (23752) ali: WiFi got IP[0m
[0;32mI (1133442) wifi:bcn_timeout,ap_probe_send_start[0m
[0;32mI (1386742) wifi:bcn_timeout,ap_probe_send_start[0m
ets Jul 29 2019 12:21:46

rst:0x1 (POWERON_RESET),boot:0x13 (SPI_FAST_FLASH_BOOT)
configsip: 0, SPIWP:0xee
clk_drv:0x00,q_drv:0x00,d_drv:0x00,cs0_drv:0x00,hd_drv:0x00,wp_drv:0x00
mode:DIO, clock div:2
load:0x3fff0030,len:7172
load:0x40078000,len:15620
load:0x40080400,len:4
ho 8 tail 4 room 4
load:0x40080404,len:3904
entry 0x40080640
[0;32mI (31) boot: ESP-IDF v5.2.4 2nd stage bootloader[0m
[0;32mI (31) boot: compile time Feb 26 2025 22:07:15[0m
[0;32mI (31) boot: Multicore bootloader[0m
[0;32mI (35) boot: chip revision: v3.1[0m
[0;32mI (39) boot.esp32: SPI Speed      : 40MHz[0m
[0;32mI (44) boot.esp32: SPI Mode       : DIO[0m
[0;32mI (48) boot.esp32: SPI Flash Size : 2MB[0m
[0;32mI (53) boot: Enabling RNG early entropy source...[0m
[0;32mI (58) boot: Partition Table:[0m
[0;32mI (62) boot: ## Label            Usage          Type ST Offset   Length[0m
[0;32mI (69) boot:  0 nvs              WiFi data        01 02 00009000 00006000[0m
[0;32mI (77) boot:  1 phy_init         RF data          01 01 0000f000 00001000[0m
[0;32mI (84) boot:  2 factory          factory app      00 00 00010000 00100000[0m
[0;32mI (92) boot: End of partition table[0m
[0;32mI (96) esp_image: segment 0: paddr=00010020 vaddr=3f400020 size=185f4h ( 99828) map[0m
[0;32mI (138) esp_image: segment 1: paddr=0002861c vaddr=3ffb0000 size=03cf0h ( 15600) load[0m
[0;32mI (144) esp_image: segment 2: paddr=0002c314 vaddr=40080000 size=03d04h ( 15620) load[0m
[0;32mI (151) esp_image: segment 3: paddr=00030020 vaddr=400d0020 size=81f18h (532248) map[0m
[0;32mI (335) esp_image: segment 4: paddr=000b1f40 vaddr=40083d04 size=1314ch ( 78156) load[0m
[0;32mI (3